Microchip MPLAB XC8 Compiler V2.30

Linker command line:

-W-3 --edf=C:\Program Files\Microchip\xc8\v2.30\pic\dat\en_msgs.txt -cn \
  -h+dist/default/production\train_lcd.X.production.sym \
  --cmf=dist/default/production\train_lcd.X.production.cmf -z -Q16F1827 \
  -oC:\Users\dexte\AppData\Local\Temp\s1n4x3 --defsym=__MPLAB_BUILD=1 \
  -Mdist/default/production/train_lcd.X.production.map -E1 \
  -ver=XC8 Compiler --acfsm=1493 -ASTACK=020C0h-02119h -pstack=STACK \
  -ACODE=00h-07FFhx2 -ASTRCODE=00h-0FFFh -ASTRING=00h-0FFhx16 \
  -ACONST=00h-0FFhx16 -AENTRY=00h-0FFhx16 -ACOMMON=070h-07Fh \
  -ABANK0=020h-06Fh -ABANK1=0A0h-0EFh -ABANK2=0120h-016Fh \
  -ABANK3=01A0h-01EFh -ABANK4=0220h-024Fh -ABIGRAM=02000h-0216Fh \
  -ARAM=020h-06Fh,0A0h-0EFh,0120h-016Fh,01A0h-01EFh,0220h-024Fh \
  -AABS1=020h-07Fh,0A0h-0EFh,0120h-016Fh,01A0h-01EFh,0220h-024Fh \
  -ASFR0=00h-01Fh -ASFR1=080h-09Fh -ASFR2=0100h-011Fh -ASFR3=0180h-019Fh \
  -ASFR4=0200h-021Fh -ASFR5=0280h-02EFh -ASFR6=0300h-036Fh \
  -ASFR7=0380h-03EFh -ASFR8=0400h-046Fh -ASFR9=0480h-04EFh \
  -ASFR10=0500h-056Fh -ASFR11=0580h-05EFh -ASFR12=0600h-066Fh \
  -ASFR13=0680h-06EFh -ASFR14=0700h-076Fh -ASFR15=0780h-07EFh \
  -ASFR16=0800h-086Fh -ASFR17=0880h-08EFh -ASFR18=0900h-096Fh \
  -ASFR19=0980h-09EFh -ASFR20=0A00h-0A6Fh -ASFR21=0A80h-0AEFh \
  -ASFR22=0B00h-0B6Fh -ASFR23=0B80h-0BEFh -ASFR24=0C00h-0C6Fh \
  -ASFR25=0C80h-0CEFh -ASFR26=0D00h-0D6Fh -ASFR27=0D80h-0DEFh \
  -ASFR28=0E00h-0E6Fh -ASFR29=0E80h-0EEFh -ASFR30=0F00h-0F6Fh \
  -ASFR31=0F80h-0FEFh -ACONFIG=08007h-08008h -DCONFIG=2 \
  -AIDLOC=08000h-08003h -DIDLOC=2 -AEEDATA=00h-0FFh/0F000h \
  -peeprom_data=EEDATA -DEEDATA=2 -DCODE=2 -DSTRCODE=2 -DSTRING=2 -DCONST=2 \
  -DENTRY=2 -preset_vec=00h,intentry,init,end_init -ppowerup=CODE \
  -pcinit=CODE -pfunctab=ENTRY -k \
  C:\Users\dexte\AppData\Local\Temp\s1n4xk.o \
  dist/default/production\train_lcd.X.production.o 

Object code version is 3.11

Machine type is 16F1827



                Name                               Link     Load   Length Selector   Space Scale
C:\Users\dexte\AppData\Local\Temp\s1n4xk.o
                end_init                              2        2        2        0       0
                reset_vec                             0        0        2        0       0
                config                             8007     8007        2        0       4
dist/default/production\train_lcd.X.production.o
                cinit                               7CA      7CA       36      F94       0
                config                             8007     8007        2        0       4
                text46                              8F4      8F4        7     11E8       0
                text45                              99F      99F       16     133E       0
                text44                              8EC      8EC        4     11D8       0
                text43                              902      902        A     1204       0
                text42                              A35      A35       1F     146A       0
                text41                              E73      E73       67     1CE6       0
                text40                              F61      F61       9F     1EC2       0
                text39                              920      920        C     1240       0
                text38                              90C      90C        A     1218       0
                text37                              8FB      8FB        7     11F6       0
                text36                              952      952       10     12A4       0
                text35                              962      962       14     12C4       0
                text34                              944      944        E     1288       0
                text33                              2CA      2CA       EC      594       0
                text32                              B97      B97       38     172E       0
                text31                              A18      A18       1D     1430       0
                text30                              B0E      B0E       2A     161C       0
                text29                              ABD      ABD       28     157A       0
                text28                              9CC      9CC       18     1398       0
                text27                              A54      A54       21     14A8       0
                text26                               5A       5A       AF       B4       0
                text25                              3B6      3B6      101      76C       0
                text24                              1E0      1E0       EA      3C0       0
                text23                              9E4      9E4       1A     13C8       0
                text22                              8EB      8EB        1     11D6       0
                text21                              C5E      C5E       4F     18BC       0
                text20                              AE5      AE5       29     15CA       0
                text19                              9FE      9FE       1A     13FC       0
                text18                              D00      D00       59     1A00       0
                text17                              4B7      4B7      170      96E       0
                text16                              627      627      1A3      C4E       0
                text15                              B66      B66       31     16CC       0
                text14                              A97      A97       26     152E       0
                text13                              C15      C15       49     182A       0
                text12                              EDA      EDA       87     1DB4       0
                text11                              D59      D59       5B     1AB2       0
                text10                              98A      98A       15     1314       0
                text9                               976      976       14     12EC       0
                text8                               9B5      9B5       17     136A       0
                text7                               916      916        A     122C       0
                text6                               A75      A75       22     14EA       0
                text5                               BCF      BCF       46     179E       0
                text4                               DB4      DB4       5F     1B68       0
                text3                               CAD      CAD       53     195A       0
                text2                               B38      B38       2E     1670       0
                text1                               E13      E13       60     1C26       0
                maintext                            109      109       D7      212       0
                cstackBANK0                          20       20       4F       20       1
                cstackCOMMON                         70       70        E       70       1
                cstackBANK1                          A0       A0       27       A0       1
                clrtext                             92C      92C        C     1258       0
                inittext                            938      938        C     1270       0
                bssBANK2                            120      120       20      120       1
                dataBANK1                            E1       E1        4       A0       1
                bssBANK1                             C7       C7       1A       A0       1
                bssBANK0                             6F       6F        1       20       1
                stringtext7                         840      840        2     1000       0
                stringtext6                         830      830        C     1000       0
                stringtext5                         824      824        C     1000       0
                stringtext4                         814      814       10     1000       0
                stringtext3                         800      800       14     1000       0
                stringtext2                         83E      83E        2     1000       0
                stringtext1                         83C      83C        2     1000       0
                idataBANK1                          8F0      8F0        4     11E0       0
                idataBIGRAM                           4        4       56        0       0

TOTAL           Name                               Link     Load   Length     Space
        CLASS   STACK          

        CLASS   CODE           
                end_init                              2        2        2         0
                cinit                               7CA      7CA       36         0
                reset_vec                             0        0        2         0
                text46                              8F4      8F4        7         0
                text45                              99F      99F       16         0
                text44                              8EC      8EC        4         0
                text43                              902      902        A         0
                text42                              A35      A35       1F         0
                text41                              E73      E73       67         0
                text40                              F61      F61       9F         0
                text39                              920      920        C         0
                text38                              90C      90C        A         0
                text37                              8FB      8FB        7         0
                text36                              952      952       10         0
                text35                              962      962       14         0
                text34                              944      944        E         0
                text33                              2CA      2CA       EC         0
                text32                              B97      B97       38         0
                text31                              A18      A18       1D         0
                text30                              B0E      B0E       2A         0
                text29                              ABD      ABD       28         0
                text28                              9CC      9CC       18         0
                text27                              A54      A54       21         0
                text26                               5A       5A       AF         0
                text25                              3B6      3B6      101         0
                text24                              1E0      1E0       EA         0
                text23                              9E4      9E4       1A         0
                text22                              8EB      8EB        1         0
                text21                              C5E      C5E       4F         0
                text20                              AE5      AE5       29         0
                text19                              9FE      9FE       1A         0
                text18                              D00      D00       59         0
                text17                              4B7      4B7      170         0
                text16                              627      627      1A3         0
                text15                              B66      B66       31         0
                text14                              A97      A97       26         0
                text13                              C15      C15       49         0
                text12                              EDA      EDA       87         0
                text11                              D59      D59       5B         0
                text10                              98A      98A       15         0
                text9                               976      976       14         0
                text8                               9B5      9B5       17         0
                text7                               916      916        A         0
                text6                               A75      A75       22         0
                text5                               BCF      BCF       46         0
                text4                               DB4      DB4       5F         0
                text3                               CAD      CAD       53         0
                text2                               B38      B38       2E         0
                text1                               E13      E13       60         0
                maintext                            109      109       D7         0
                clrtext                             92C      92C        C         0
                inittext                            938      938        C         0
                idataBANK1                          8F0      8F0        4         0
                idataBIGRAM                           4        4       56         0

        CLASS   STRCODE        
                stringtext7                         840      840        2         0
                stringtext6                         830      830        C         0
                stringtext5                         824      824        C         0
                stringtext4                         814      814       10         0
                stringtext3                         800      800       14         0
                stringtext2                         83E      83E        2         0
                stringtext1                         83C      83C        2         0

        CLASS   STRING         

        CLASS   CONST          

        CLASS   ENTRY          

        CLASS   COMMON         
                cstackCOMMON                         70       70        E         1

        CLASS   BANK0          
                cstackBANK0                          20       20       4F         1
                bssBANK0                             6F       6F        1         1

        CLASS   BANK1          
                cstackBANK1                          A0       A0       27         1
                dataBANK1                            E1       E1        4         1
                bssBANK1                             C7       C7       1A         1

        CLASS   BANK2          
                bssBANK2                            120      120       20         1

        CLASS   BANK3          

        CLASS   BANK4          

        CLASS   BIGRAM         

        CLASS   RAM            

        CLASS   ABS1           
                abs_s1                               7E       7E        2         1
                abs_s1                              1CA      1CA       26         1
                abs_s1                              220      220       30         1
                abs_s1                             211A     211A        0         1

        CLASS   SFR0           

        CLASS   SFR1           

        CLASS   SFR2           

        CLASS   SFR3           

        CLASS   SFR4           

        CLASS   SFR5           

        CLASS   SFR6           

        CLASS   SFR7           

        CLASS   SFR8           

        CLASS   SFR9           

        CLASS   SFR10          

        CLASS   SFR11          

        CLASS   SFR12          

        CLASS   SFR13          

        CLASS   SFR14          

        CLASS   SFR15          

        CLASS   SFR16          

        CLASS   SFR17          

        CLASS   SFR18          

        CLASS   SFR19          

        CLASS   SFR20          

        CLASS   SFR21          

        CLASS   SFR22          

        CLASS   SFR23          

        CLASS   SFR24          

        CLASS   SFR25          

        CLASS   SFR26          

        CLASS   SFR27          

        CLASS   SFR28          

        CLASS   SFR29          

        CLASS   SFR30          

        CLASS   SFR31          

        CLASS   CONFIG         
                config                             8007     8007        2         4

        CLASS   IDLOC          

        CLASS   EEDATA         

        CLASS   BANK31         

        CLASS   BANK30         

        CLASS   BANK29         

        CLASS   BANK28         

        CLASS   BANK27         

        CLASS   BANK26         

        CLASS   BANK25         

        CLASS   BANK24         

        CLASS   BANK23         

        CLASS   BANK22         

        CLASS   BANK21         

        CLASS   BANK20         

        CLASS   BANK19         

        CLASS   BANK18         

        CLASS   BANK17         

        CLASS   BANK16         

        CLASS   BANK15         

        CLASS   BANK14         

        CLASS   BANK13         

        CLASS   BANK12         

        CLASS   BANK11         

        CLASS   BANK10         

        CLASS   BANK9          

        CLASS   BANK8          

        CLASS   BANK7          

        CLASS   BANK6          

        CLASS   BANK5          



SEGMENTS        Name                           Load    Length   Top    Selector   Space  Class     Delta

                reset_vec                      000000  00005A  00005A         0       0  CODE        2
                cstackBANK0                    000020  000050  000070        20       1  BANK0       1
                cstackCOMMON                   000070  00000E  00007E        70       1  COMMON      1
                cstackBANK1                    0000A0  000045  0000E5        A0       1  BANK1       1
                text26                         00005A  0000AF  000109        B4       0  CODE        2
                bssBANK2                       000120  000020  000140       120       1  BANK2       1
                maintext                       000109  0000D7  0001E0       212       0  CODE        2
                text24                         0001E0  0000EA  0002CA       3C0       0  CODE        2
                text33                         0002CA  0000EC  0003B6       594       0  CODE        2
                text25                         0003B6  000101  0004B7       76C       0  CODE        2
                text17                         0004B7  000170  000627       96E       0  CODE        2
                text16                         000627  0001A3  0007CA       C4E       0  CODE        2
                cinit                          0007CA  000036  000800       F94       0  CODE        2
                stringtext3                    000800  000042  000842      1000       0  STRCODE     2
                text22                         0008EB  000001  0008EC      11D6       0  CODE        2
                text44                         0008EC  000004  0008F0      11D8       0  CODE        2
                idataBANK1                     0008F0  000004  0008F4      11E0       0  CODE        2
                text46                         0008F4  000007  0008FB      11E8       0  CODE        2
                text37                         0008FB  000007  000902      11F6       0  CODE        2
                text43                         000902  00000A  00090C      1204       0  CODE        2
                text38                         00090C  00000A  000916      1218       0  CODE        2
                text7                          000916  00000A  000920      122C       0  CODE        2
                text39                         000920  00000C  00092C      1240       0  CODE        2
                clrtext                        00092C  00000C  000938      1258       0  CODE        2
                inittext                       000938  00000C  000944      1270       0  CODE        2
                text34                         000944  00000E  000952      1288       0  CODE        2
                text36                         000952  000010  000962      12A4       0  CODE        2
                text35                         000962  000014  000976      12C4       0  CODE        2
                text9                          000976  000014  00098A      12EC       0  CODE        2
                text10                         00098A  000015  00099F      1314       0  CODE        2
                text45                         00099F  000016  0009B5      133E       0  CODE        2
                text8                          0009B5  000017  0009CC      136A       0  CODE        2
                text28                         0009CC  000018  0009E4      1398       0  CODE        2
                text23                         0009E4  00001A  0009FE      13C8       0  CODE        2
                text19                         0009FE  00001A  000A18      13FC       0  CODE        2
                text31                         000A18  00001D  000A35      1430       0  CODE        2
                text42                         000A35  00001F  000A54      146A       0  CODE        2
                text27                         000A54  000021  000A75      14A8       0  CODE        2
                text6                          000A75  000022  000A97      14EA       0  CODE        2
                text14                         000A97  000026  000ABD      152E       0  CODE        2
                text29                         000ABD  000028  000AE5      157A       0  CODE        2
                text20                         000AE5  000029  000B0E      15CA       0  CODE        2
                text30                         000B0E  00002A  000B38      161C       0  CODE        2
                text2                          000B38  00002E  000B66      1670       0  CODE        2
                text15                         000B66  000031  000B97      16CC       0  CODE        2
                text32                         000B97  000038  000BCF      172E       0  CODE        2
                text5                          000BCF  000046  000C15      179E       0  CODE        2
                text13                         000C15  000049  000C5E      182A       0  CODE        2
                text21                         000C5E  00004F  000CAD      18BC       0  CODE        2
                text3                          000CAD  000053  000D00      195A       0  CODE        2
                text18                         000D00  000059  000D59      1A00       0  CODE        2
                text11                         000D59  00005B  000DB4      1AB2       0  CODE        2
                text4                          000DB4  00005F  000E13      1B68       0  CODE        2
                text1                          000E13  000060  000E73      1C26       0  CODE        2
                text41                         000E73  000067  000EDA      1CE6       0  CODE        2
                text12                         000EDA  000087  000F61      1DB4       0  CODE        2
                text40                         000F61  00009F  001000      1EC2       0  CODE        2


UNUSED ADDRESS RANGES

        Name                Unused          Largest block    Delta
        BANK1            000E5-000EF               B           1
        BANK2            00140-0016F              30           1
        BANK3            001A0-001C9              2A           1
        BIGRAM           02000-0216F             170           1
        CODE             00842-008EA              A9           2
        CONST            00842-008EA              A9           2
        EEDATA           0F000-0F0FF             100           2
        ENTRY            00842-008EA              A9           2
        IDLOC            08000-08003               4           2
        RAM              000E5-000EF               B           1
                         00140-0016F              30
                         001A0-001C9              2A
        SFR0             00000-0001F              20           1
        SFR1             00080-0009F              20           1
        SFR10            00500-0056F              70           1
        SFR11            00580-005EF              70           1
        SFR12            00600-0066F              70           1
        SFR13            00680-006EF              70           1
        SFR14            00700-0076F              70           1
        SFR15            00780-007EF              70           1
        SFR16            00800-0086F              70           1
        SFR17            00880-008EF              70           1
        SFR18            00900-0096F              70           1
        SFR19            00980-009EF              70           1
        SFR2             00100-0011F              20           1
        SFR20            00A00-00A6F              70           1
        SFR21            00A80-00AEF              70           1
        SFR22            00B00-00B6F              70           1
        SFR23            00B80-00BEF              70           1
        SFR24            00C00-00C6F              70           1
        SFR25            00C80-00CEF              70           1
        SFR26            00D00-00D6F              70           1
        SFR27            00D80-00DEF              70           1
        SFR28            00E00-00E6F              70           1
        SFR29            00E80-00EEF              70           1
        SFR3             00180-0019F              20           1
        SFR30            00F00-00F6F              70           1
        SFR31            00F80-00FEF              70           1
        SFR4             00200-0021F              20           1
        SFR5             00280-002EF              70           1
        SFR6             00300-0036F              70           1
        SFR7             00380-003EF              70           1
        SFR8             00400-0046F              70           1
        SFR9             00480-004EF              70           1
        STACK            020C0-02119              5A           1
        STRCODE          00842-008EA              A9           2
        STRING           00842-008EA              A9           2

                                  Symbol Table

?___aodiv                        cstackBANK0  00020
?___aomod                        cstackBANK0  00020
?___awdiv                        cstackCOMMON 00070
?___awmod                        cstackCOMMON 00070
?___wmul                         cstackCOMMON 00070
?_abs                            cstackCOMMON 00073
?_atoi                           cstackCOMMON 00076
?_calc_money                     cstackCOMMON 00076
?_dtoa                           cstackBANK0  00030
?_isdigit                        cstackCOMMON 00070
?_isspace                        cstackCOMMON 00070
?_pad                            cstackBANK0  00024
?_sprintf                        cstackBANK1  000A0
?_strlen                         cstackCOMMON 00070
?_vfpfcnvrt                      cstackBANK0  0004E
?_vfprintf                       cstackBANK0  00063
_ANSELA                          (abs)        0018C
_ANSELB                          (abs)        0018D
_APFCON0                         (abs)        0011D
_APFCON1                         (abs)        0011E
_BORCON                          (abs)        00116
_LATA                            (abs)        0010C
_LATB                            (abs)        0010D
_OPTION_REGbits                  (abs)        00095
_OSCCON                          (abs)        00099
_OSCILLATOR_Initialize           text46       008F4
_OSCTUNE                         (abs)        00098
_PIN_MANAGER_Initialize          text45       0099F
_SSP2ADD                         (abs)        0021A
_SSP2BUF                         (abs)        00219
_SSP2CON1                        (abs)        0021D
_SSP2CON1bits                    (abs)        0021D
_SSP2CON2                        (abs)        0021E
_SSP2CON2bits                    (abs)        0021E
_SSP2STAT                        (abs)        0021C
_SSP2STATbits                    (abs)        0021C
_SYSTEM_Initialize               text43       00902
_TRISA                           (abs)        0008C
_TRISB                           (abs)        0008D
_WDTCON                          (abs)        00097
_WDT_Initialize                  text44       008EC
_WPUA                            (abs)        0020C
_WPUB                            (abs)        0020D
__Habs1                          abs1         00000
__Hbank0                         bank0        00000
__Hbank1                         bank1        00000
__Hbank10                        bank10       00000
__Hbank11                        bank11       00000
__Hbank12                        bank12       00000
__Hbank13                        bank13       00000
__Hbank14                        bank14       00000
__Hbank15                        bank15       00000
__Hbank16                        bank16       00000
__Hbank17                        bank17       00000
__Hbank18                        bank18       00000
__Hbank19                        bank19       00000
__Hbank2                         bank2        00000
__Hbank20                        bank20       00000
__Hbank21                        bank21       00000
__Hbank22                        bank22       00000
__Hbank23                        bank23       00000
__Hbank24                        bank24       00000
__Hbank25                        bank25       00000
__Hbank26                        bank26       00000
__Hbank27                        bank27       00000
__Hbank28                        bank28       00000
__Hbank29                        bank29       00000
__Hbank3                         bank3        00000
__Hbank30                        bank30       00000
__Hbank31                        bank31       00000
__Hbank4                         bank4        00000
__Hbank5                         bank5        00000
__Hbank6                         bank6        00000
__Hbank7                         bank7        00000
__Hbank8                         bank8        00000
__Hbank9                         bank9        00000
__Hbigram                        bigram       00000
__HbssBANK0                      bssBANK0     00000
__HbssBANK1                      bssBANK1     00000
__HbssBANK2                      bssBANK2     00000
__Hcinit                         cinit        00800
__Hclrtext                       clrtext      00000
__Hcode                          code         00000
__Hcommon                        common       00000
__Hconfig                        config       08009
__HcstackBANK0                   cstackBANK0  00000
__HcstackBANK1                   cstackBANK1  00000
__HcstackCOMMON                  cstackCOMMON 00000
__HdataBANK1                     dataBANK1    00000
__Heeprom_data                   eeprom_data  00000
__Hend_init                      end_init     00004
__Hfunctab                       functab      00000
__HidataBANK1                    idataBANK1   00000
__HidataBIGRAM                   idataBIGRAM  00000
__Hinit                          init         00002
__Hinittext                      inittext     00000
__Hintentry                      intentry     00002
__Hmaintext                      maintext     00000
__Hpowerup                       powerup      00000
__Hram                           ram          00000
__Hreset_vec                     reset_vec    00002
__Hsfr0                          sfr0         00000
__Hsfr1                          sfr1         00000
__Hsfr10                         sfr10        00000
__Hsfr11                         sfr11        00000
__Hsfr12                         sfr12        00000
__Hsfr13                         sfr13        00000
__Hsfr14                         sfr14        00000
__Hsfr15                         sfr15        00000
__Hsfr16                         sfr16        00000
__Hsfr17                         sfr17        00000
__Hsfr18                         sfr18        00000
__Hsfr19                         sfr19        00000
__Hsfr2                          sfr2         00000
__Hsfr20                         sfr20        00000
__Hsfr21                         sfr21        00000
__Hsfr22                         sfr22        00000
__Hsfr23                         sfr23        00000
__Hsfr24                         sfr24        00000
__Hsfr25                         sfr25        00000
__Hsfr26                         sfr26        00000
__Hsfr27                         sfr27        00000
__Hsfr28                         sfr28        00000
__Hsfr29                         sfr29        00000
__Hsfr3                          sfr3         00000
__Hsfr30                         sfr30        00000
__Hsfr31                         sfr31        00000
__Hsfr4                          sfr4         00000
__Hsfr5                          sfr5         00000
__Hsfr6                          sfr6         00000
__Hsfr7                          sfr7         00000
__Hsfr8                          sfr8         00000
__Hsfr9                          sfr9         00000
__Hspace_0                       (abs)        01000
__Hspace_1                       (abs)        00140
__Hspace_2                       (abs)        00000
__Hspace_3                       (abs)        00000
__Hspace_4                       (abs)        10010
__Hstack                         stack        00000
__Hstrings                       strings      00000
__Hstringtext1                   stringtext1  00000
__Hstringtext2                   stringtext2  00000
__Hstringtext3                   stringtext3  00000
__Hstringtext4                   stringtext4  00000
__Hstringtext5                   stringtext5  00000
__Hstringtext6                   stringtext6  00000
__Hstringtext7                   stringtext7  00000
__Hstringtext8                   stringtext8  00000
__Htext                          text         00000
__Labs1                          abs1         00000
__Lbank0                         bank0        00000
__Lbank1                         bank1        00000
__Lbank10                        bank10       00000
__Lbank11                        bank11       00000
__Lbank12                        bank12       00000
__Lbank13                        bank13       00000
__Lbank14                        bank14       00000
__Lbank15                        bank15       00000
__Lbank16                        bank16       00000
__Lbank17                        bank17       00000
__Lbank18                        bank18       00000
__Lbank19                        bank19       00000
__Lbank2                         bank2        00000
__Lbank20                        bank20       00000
__Lbank21                        bank21       00000
__Lbank22                        bank22       00000
__Lbank23                        bank23       00000
__Lbank24                        bank24       00000
__Lbank25                        bank25       00000
__Lbank26                        bank26       00000
__Lbank27                        bank27       00000
__Lbank28                        bank28       00000
__Lbank29                        bank29       00000
__Lbank3                         bank3        00000
__Lbank30                        bank30       00000
__Lbank31                        bank31       00000
__Lbank4                         bank4        00000
__Lbank5                         bank5        00000
__Lbank6                         bank6        00000
__Lbank7                         bank7        00000
__Lbank8                         bank8        00000
__Lbank9                         bank9        00000
__Lbigram                        bigram       00000
__LbssBANK0                      bssBANK0     00000
__LbssBANK1                      bssBANK1     00000
__LbssBANK2                      bssBANK2     00000
__Lcinit                         cinit        007CA
__Lclrtext                       clrtext      00000
__Lcode                          code         00000
__Lcommon                        common       00000
__Lconfig                        config       00000
__LcstackBANK0                   cstackBANK0  00000
__LcstackBANK1                   cstackBANK1  00000
__LcstackCOMMON                  cstackCOMMON 00000
__LdataBANK1                     dataBANK1    00000
__Leeprom_data                   eeprom_data  00000
__Lend_init                      end_init     00002
__Lfunctab                       functab      00000
__LidataBANK1                    idataBANK1   00000
__LidataBIGRAM                   idataBIGRAM  00000
__Linit                          init         00002
__Linittext                      inittext     00000
__Lintentry                      intentry     00002
__Lmaintext                      maintext     00000
__Lpowerup                       powerup      00000
__Lram                           ram          00000
__Lreset_vec                     reset_vec    00000
__Lsfr0                          sfr0         00000
__Lsfr1                          sfr1         00000
__Lsfr10                         sfr10        00000
__Lsfr11                         sfr11        00000
__Lsfr12                         sfr12        00000
__Lsfr13                         sfr13        00000
__Lsfr14                         sfr14        00000
__Lsfr15                         sfr15        00000
__Lsfr16                         sfr16        00000
__Lsfr17                         sfr17        00000
__Lsfr18                         sfr18        00000
__Lsfr19                         sfr19        00000
__Lsfr2                          sfr2         00000
__Lsfr20                         sfr20        00000
__Lsfr21                         sfr21        00000
__Lsfr22                         sfr22        00000
__Lsfr23                         sfr23        00000
__Lsfr24                         sfr24        00000
__Lsfr25                         sfr25        00000
__Lsfr26                         sfr26        00000
__Lsfr27                         sfr27        00000
__Lsfr28                         sfr28        00000
__Lsfr29                         sfr29        00000
__Lsfr3                          sfr3         00000
__Lsfr30                         sfr30        00000
__Lsfr31                         sfr31        00000
__Lsfr4                          sfr4         00000
__Lsfr5                          sfr5         00000
__Lsfr6                          sfr6         00000
__Lsfr7                          sfr7         00000
__Lsfr8                          sfr8         00000
__Lsfr9                          sfr9         00000
__Lspace_0                       (abs)        00000
__Lspace_1                       (abs)        00000
__Lspace_2                       (abs)        00000
__Lspace_3                       (abs)        00000
__Lspace_4                       (abs)        00000
__Lstack                         stack        00000
__Lstrings                       strings      00000
__Lstringtext1                   stringtext1  00000
__Lstringtext2                   stringtext2  00000
__Lstringtext3                   stringtext3  00000
__Lstringtext4                   stringtext4  00000
__Lstringtext5                   stringtext5  00000
__Lstringtext6                   stringtext6  00000
__Lstringtext7                   stringtext7  00000
__Lstringtext8                   stringtext8  00000
__Ltext                          text         00000
__S0                             (abs)        01000
__S1                             (abs)        00140
__S2                             (abs)        00000
__S3                             (abs)        00000
___aodiv                         text25       003B6
___aodiv@counter                 cstackCOMMON 00071
___aodiv@dividend                cstackBANK0  00028
___aodiv@divisor                 cstackBANK0  00020
___aodiv@quotient                cstackCOMMON 00073
___aodiv@sign                    cstackCOMMON 00072
___aomod                         text24       001E0
___aomod@counter                 cstackCOMMON 00071
___aomod@dividend                cstackBANK0  00028
___aomod@divisor                 cstackBANK0  00020
___aomod@sign                    cstackCOMMON 00072
___awdiv                         text4        00DB4
___awdiv@counter                 cstackCOMMON 00075
___awdiv@dividend                cstackCOMMON 00072
___awdiv@divisor                 cstackCOMMON 00070
___awdiv@quotient                cstackCOMMON 00077
___awdiv@sign                    cstackCOMMON 00076
___awmod                         text3        00CAD
___awmod@counter                 cstackCOMMON 00075
___awmod@dividend                cstackCOMMON 00072
___awmod@divisor                 cstackCOMMON 00070
___awmod@sign                    cstackCOMMON 00076
___bmul                          text10       0098A
___bmul@multiplicand             cstackCOMMON 00070
___bmul@multiplier               cstackCOMMON 00073
___bmul@product                  cstackCOMMON 00072
___int_sp                        stack        00000
___latbits                       (abs)        00001
___sp                            stack        00000
___stackhi                       (abs)        02119
___stacklo                       (abs)        020C0
___wmul                          text42       00A35
___wmul@multiplicand             cstackCOMMON 00072
___wmul@multiplier               cstackCOMMON 00070
___wmul@product                  cstackCOMMON 00074
__backlightval                   bssBANK0     0006F
__end_of_HOUR_4_MONEY            stringtext1  0083E
__end_of_MIN_4_MONEY             stringtext2  00840
__end_of_OSCILLATOR_Initialize   text46       008FB
__end_of_PIN_MANAGER_Initialize  text45       009B5
__end_of_REGULAR_HOUR            stringtext3  00802
__end_of_SYSTEM_Initialize       text43       0090C
__end_of_WDT_Initialize          text44       008F0
__end_of___aodiv                 text25       004B7
__end_of___aomod                 text24       002CA
__end_of___awdiv                 text4        00E13
__end_of___awmod                 text3        00D00
__end_of___bmul                  text10       0099F
__end_of___wmul                  text42       00A54
__end_of__initialization         cinit        007FD
__end_of__read                   text6        00A97
__end_of_abs                     text23       009FE
__end_of_atoi                    text26       00109
__end_of_bcd_2_decimal           text9        0098A
__end_of_calc_money              text41       00EDA
__end_of_command                 text32       00BCF
__end_of_decimal_2_bcd           text2        00B66
__end_of_dtoa                    text17       00627
__end_of_fputc                   text21       00CAD
__end_of_fputs                   text20       00B0E
__end_of_get_next                text40       01000
__end_of_i2c_read                text8        009CC
__end_of_i2c_repeated_start      text7        00920
__end_of_i2c_start               text38       00916
__end_of_i2c_stop                text37       00902
__end_of_i2c_wait                text39       0092C
__end_of_i2c_write               text36       00962
__end_of_isdigit                 text28       009E4
__end_of_isspace                 text27       00A75
__end_of_lcd_backlight           text34       00952
__end_of_lcd_clear               text29       00AE5
__end_of_lcd_cmd                 text35       00976
__end_of_lcd_init                text33       003B6
__end_of_lcd_print               text31       00A35
__end_of_lcd_set_cursor          text30       00B38
__end_of_main                    maintext     001E0
__end_of_pad                     text18       00D59
__end_of_print_money             text13       00C5E
__end_of_print_remaing           text12       00F61
__end_of_print_train             text11       00DB4
__end_of_putch                   text22       008EC
__end_of_read_date               text5        00C15
__end_of_sprintf                 text14       00ABD
__end_of_strlen                  text19       00A18
__end_of_vfpfcnvrt               text16       007CA
__end_of_vfprintf                text15       00B97
__end_of_write_date              text1        00E73
__initialization                 cinit        007CA
__pbssBANK0                      bssBANK0     0006F
__pbssBANK1                      bssBANK1     000C7
__pbssBANK2                      bssBANK2     00120
__pcstackBANK0                   cstackBANK0  00020
__pcstackBANK1                   cstackBANK1  000A0
__pcstackCOMMON                  cstackCOMMON 00070
__pdataBANK1                     dataBANK1    000E1
__pdataBIGRAM                    (abs)        0211A
__pidataBANK1                    idataBANK1   008F0
__pidataBIGRAM                   idataBIGRAM  00004
__pmaintext                      maintext     00109
__pstringtext1                   stringtext1  0083C
__pstringtext2                   stringtext2  0083E
__pstringtext3                   stringtext3  00800
__pstringtext4                   stringtext4  00814
__pstringtext5                   stringtext5  00824
__pstringtext6                   stringtext6  00830
__pstringtext7                   stringtext7  00840
__pstringtext8                   stringtext8  00000
__ptext1                         text1        00E13
__ptext10                        text10       0098A
__ptext11                        text11       00D59
__ptext12                        text12       00EDA
__ptext13                        text13       00C15
__ptext14                        text14       00A97
__ptext15                        text15       00B66
__ptext16                        text16       00627
__ptext17                        text17       004B7
__ptext18                        text18       00D00
__ptext19                        text19       009FE
__ptext2                         text2        00B38
__ptext20                        text20       00AE5
__ptext21                        text21       00C5E
__ptext22                        text22       008EB
__ptext23                        text23       009E4
__ptext24                        text24       001E0
__ptext25                        text25       003B6
__ptext26                        text26       0005A
__ptext27                        text27       00A54
__ptext28                        text28       009CC
__ptext29                        text29       00ABD
__ptext3                         text3        00CAD
__ptext30                        text30       00B0E
__ptext31                        text31       00A18
__ptext32                        text32       00B97
__ptext33                        text33       002CA
__ptext34                        text34       00944
__ptext35                        text35       00962
__ptext36                        text36       00952
__ptext37                        text37       008FB
__ptext38                        text38       0090C
__ptext39                        text39       00920
__ptext4                         text4        00DB4
__ptext40                        text40       00F61
__ptext41                        text41       00E73
__ptext42                        text42       00A35
__ptext43                        text43       00902
__ptext44                        text44       008EC
__ptext45                        text45       0099F
__ptext46                        text46       008F4
__ptext5                         text5        00BCF
__ptext6                         text6        00A75
__ptext7                         text7        00916
__ptext8                         text8        009B5
__ptext9                         text9        00976
__read                           text6        00A75
__read@address                   cstackCOMMON 00079
__read@data                      cstackCOMMON 0007A
__size_of_OSCILLATOR_Initialize  (abs)        00000
__size_of_PIN_MANAGER_Initialize (abs)        00000
__size_of_SYSTEM_Initialize      (abs)        00000
__size_of_WDT_Initialize         (abs)        00000
__size_of___aodiv                (abs)        00000
__size_of___aomod                (abs)        00000
__size_of___awdiv                (abs)        00000
__size_of___awmod                (abs)        00000
__size_of___bmul                 (abs)        00000
__size_of___wmul                 (abs)        00000
__size_of__read                  (abs)        00000
__size_of_abs                    (abs)        00000
__size_of_atoi                   (abs)        00000
__size_of_bcd_2_decimal          (abs)        00000
__size_of_calc_money             (abs)        00000
__size_of_command                (abs)        00000
__size_of_decimal_2_bcd          (abs)        00000
__size_of_dtoa                   (abs)        00000
__size_of_fputc                  (abs)        00000
__size_of_fputs                  (abs)        00000
__size_of_get_next               (abs)        00000
__size_of_i2c_read               (abs)        00000
__size_of_i2c_repeated_start     (abs)        00000
__size_of_i2c_start              (abs)        00000
__size_of_i2c_stop               (abs)        00000
__size_of_i2c_wait               (abs)        00000
__size_of_i2c_write              (abs)        00000
__size_of_isdigit                (abs)        00000
__size_of_isspace                (abs)        00000
__size_of_lcd_backlight          (abs)        00000
__size_of_lcd_clear              (abs)        00000
__size_of_lcd_cmd                (abs)        00000
__size_of_lcd_init               (abs)        00000
__size_of_lcd_print              (abs)        00000
__size_of_lcd_set_cursor         (abs)        00000
__size_of_main                   (abs)        00000
__size_of_pad                    (abs)        00000
__size_of_print_money            (abs)        00000
__size_of_print_remaing          (abs)        00000
__size_of_print_train            (abs)        00000
__size_of_putch                  (abs)        00000
__size_of_read_date              (abs)        00000
__size_of_sprintf                (abs)        00000
__size_of_strlen                 (abs)        00000
__size_of_vfpfcnvrt              (abs)        00000
__size_of_vfprintf               (abs)        00000
__size_of_write_date             (abs)        00000
_abs                             text23       009E4
_atoi                            text26       0005A
_atoi$1068                       cstackBANK0  00022
_atoi$1069                       cstackBANK0  00026
_atoi$1070                       cstackBANK0  00024
_bcd_2_decimal                   text9        00976
_calc_money                      text41       00E73
_command                         text32       00B97
_dbuf                            bssBANK2     00120
_decimal_2_bcd                   text2        00B38
_dtoa                            text17       004B7
_dtoa$1033                       cstackBANK0  0003B
_flags                           bssBANK1     000CD
_fputc                           text21       00C5E
_fputs                           text20       00AE5
_get_next                        text40       00F61
_i2c_read                        text8        009B5
_i2c_repeated_start              text7        00916
_i2c_start                       text38       0090C
_i2c_stop                        text37       008FB
_i2c_wait                        text39       00920
_i2c_write                       text36       00952
_isdigit                         text28       009CC
_isspace                         text27       00A54
_isspace$1086                    cstackCOMMON 00074
_lcd_backlight                   text34       00944
_lcd_clear                       text29       00ABD
_lcd_cmd                         text35       00962
_lcd_init                        text33       002CA
_lcd_print                       text31       00A18
_lcd_set_cursor                  text30       00B0E
_line                            bssBANK1     000D1
_main                            maintext     00109
_money                           bssBANK1     000CF
_nout                            bssBANK1     000C7
_pad                             text18       00D00
_prec                            bssBANK1     000CB
_print_money                     text13       00C15
_print_remaing                   text12       00EDA
_print_train                     text11       00D59
_putch                           text22       008EB
_read_date                       text5        00BCF
_sprintf                         text14       00A97
_strlen                          text19       009FE
_trains                          (abs)        0211A
_vfpfcnvrt                       text16       00627
_vfpfcnvrt$1048                  cstackBANK0  00060
_vfprintf                        text15       00B66
_width                           bssBANK1     000C9
_write_date                      text1        00E13
abs@a                            cstackCOMMON 00073
atoi@n                           cstackBANK0  00027
atoi@neg                         cstackBANK0  00020
atoi@s                           cstackCOMMON 00076
bcd_2_decimal@number             cstackCOMMON 00077
btemp                            (abs)        0007E
calc_money@date                  cstackCOMMON 00076
calc_money@hour                  cstackBANK0  00024
calc_money@min                   cstackBANK0  00026
clear_ram0                       clrtext      0092C
command@highnib                  cstackCOMMON 00076
command@lownib                   cstackCOMMON 00077
command@mode                     cstackCOMMON 00072
command@val                      cstackCOMMON 00075
decimal_2_bcd@number             cstackCOMMON 00079
dtoa@d                           cstackBANK0  00030
dtoa@fp                          cstackBANK0  0003D
dtoa@i                           cstackBANK0  0004C
dtoa@n                           cstackBANK0  00044
dtoa@p                           cstackBANK0  0003E
dtoa@s                           cstackBANK0  00042
dtoa@w                           cstackBANK0  00040
end_of_initialization            cinit        007FD
fputc@c                          cstackCOMMON 00070
fputc@fp                         cstackCOMMON 00072
fputs@c                          cstackBANK0  00020
fputs@fp                         cstackCOMMON 00078
fputs@i                          cstackBANK0  00021
fputs@s                          cstackBANK0  00023
get_next@hour                    cstackCOMMON 00078
get_next@i                       cstackBANK0  00031
get_next@idx                     cstackBANK0  00030
get_next@min                     cstackCOMMON 00079
get_next@next                    cstackCOMMON 00076
get_next@now_min                 cstackBANK0  0002C
get_next@t_min                   cstackBANK0  0002E
i2c_read@ack                     cstackCOMMON 00071
i2c_read@data                    cstackCOMMON 00072
i2c_write@data                   cstackCOMMON 00070
init_ram                         inittext     00938
intlevel0                        functab      00000
intlevel1                        functab      00000
intlevel2                        functab      00000
intlevel3                        functab      00000
intlevel4                        functab      00000
intlevel5                        functab      00000
isdigit@c                        cstackCOMMON 00070
isspace@c                        cstackCOMMON 00070
lcd_clear@col                    cstackBANK0  00027
lcd_clear@row                    cstackBANK0  00026
lcd_cmd@cmd                      cstackCOMMON 00071
lcd_print@cmd                    cstackCOMMON 0007B
lcd_print@str                    cstackCOMMON 00078
lcd_set_cursor@F2502             dataBANK1    000E1
lcd_set_cursor@cmd               cstackBANK0  00025
lcd_set_cursor@col               cstackBANK0  00024
lcd_set_cursor@row               cstackCOMMON 00078
lcd_set_cursor@row_offsets       cstackBANK0  00020
main@date                        cstackBANK1  000C1
main@next                        cstackBANK1  000BF
main@next1                       cstackBANK1  000BD
pad@buf                          cstackBANK0  00024
pad@fp                           cstackBANK0  0002B
pad@i                            cstackBANK0  00027
pad@p                            cstackBANK0  00025
pad@w                            cstackBANK0  00029
print_money@date                 cstackBANK1  000AF
print_money@money                cstackBANK1  000B5
print_remaing@date               cstackBANK1  000AF
print_remaing@next               cstackBANK1  000B5
print_remaing@next_min           cstackBANK1  000B9
print_remaing@now_min            cstackBANK1  000B7
print_train@next                 cstackBANK1  000AF
print_train@next1                cstackBANK1  000B1
read_date@date                   cstackCOMMON 0007C
reset_vec                        reset_vec    00000
sprintf@ap                       cstackBANK1  000A8
sprintf@f                        cstackBANK1  000AA
sprintf@fmt                      cstackBANK1  000A0
sprintf@s                        cstackBANK1  000A9
start                            init         00002
start_initialization             cinit        007CA
strlen@a                         cstackCOMMON 00073
strlen@s                         cstackCOMMON 00074
vfpfcnvrt@ap                     cstackBANK0  0004F
vfpfcnvrt@done                   cstackBANK0  0005E
vfpfcnvrt@fmt                    cstackBANK0  0004E
vfpfcnvrt@fp                     cstackBANK0  00062
vfpfcnvrt@ll                     cstackBANK0  00056
vfprintf@ap                      cstackBANK0  00065
vfprintf@cfmt                    cstackBANK0  00069
vfprintf@fmt                     cstackBANK0  00063
vfprintf@fp                      cstackBANK0  00068
write_date@date                  cstackCOMMON 0007C
wtemp0                           (abs)        0007E


FUNCTION INFORMATION:

 *************** function _main *****************
 Defined at:
		line 19 in file "main.c"
 Parameters:    Size  Location     Type
		None
 Auto vars:     Size  Location     Type
  date            6   33[BANK1 ] struct Date
  next            2   31[BANK1 ] struct train
  next1           2   29[BANK1 ] struct train
 Return value:  Size  Location     Type
                  1    wreg      void 
 Registers used:
		wreg, fsr0l, fsr0h, fsr1l, fsr1h, status,2, status,0, pclath, cstack
 Tracked objects:
		On entry : 
		On exit  : 
		Unchanged: 
 Data sizes:     COMMON   BANK0   BANK1   BANK2   BANK3   BANK4
      Params:         0       0       0       0       0       0
      Locals:         0       0      10       0       0       0
      Temps:          0       0       2       0       0       0
      Totals:         0       0      12       0       0       0
Total ram usage:       12 bytes
 Hardware stack levels required when called:    9
 This function calls:
		_SYSTEM_Initialize
		_calc_money
		_get_next
		_lcd_backlight
		_lcd_init
		_lcd_set_cursor
		_print_money
		_print_remaing
		_print_train
		_read_date
		_write_date
 This function is called by:
		Startup code after reset
 This function uses a non-reentrant model


 *************** function _write_date *****************
 Defined at:
		line 35 in file "DS3231.c"
 Parameters:    Size  Location     Type
  date            1    wreg     PTR struct Date
		 -> main@date(6), 
 Auto vars:     Size  Location     Type
  date            1   12[COMMON] PTR struct Date
		 -> main@date(6), 
 Return value:  Size  Location     Type
                  1    wreg      void 
 Registers used:
		wreg, fsr1l, fsr1h, status,2, status,0, pclath, cstack
 Tracked objects:
		On entry : 
		On exit  : 
		Unchanged: 
 Data sizes:     COMMON   BANK0   BANK1   BANK2   BANK3   BANK4
      Params:         0       0       0       0       0       0
      Locals:         1       0       0       0       0       0
      Temps:          2       0       0       0       0       0
      Totals:         3       0       0       0       0       0
Total ram usage:        3 bytes
 Hardware stack levels used:    1
 Hardware stack levels required when called:    2
 This function calls:
		_decimal_2_bcd
		_i2c_start
		_i2c_stop
		_i2c_write
 This function is called by:
		_main
 This function uses a non-reentrant model


 *************** function _decimal_2_bcd *****************
 Defined at:
		line 27 in file "DS3231.c"
 Parameters:    Size  Location     Type
  number          1    wreg     unsigned char 
 Auto vars:     Size  Location     Type
  number          1    9[COMMON] unsigned char 
 Return value:  Size  Location     Type
                  1    wreg      unsigned char 
 Registers used:
		wreg, status,2, status,0, pclath, cstack
 Tracked objects:
		On entry : 
		On exit  : 
		Unchanged: 
 Data sizes:     COMMON   BANK0   BANK1   BANK2   BANK3   BANK4
      Params:         0       0       0       0       0       0
      Locals:         1       0       0       0       0       0
      Temps:          0       7       0       0       0       0
      Totals:         1       7       0       0       0       0
Total ram usage:        8 bytes
 Hardware stack levels used:    1
 Hardware stack levels required when called:    1
 This function calls:
		___awdiv
		___awmod
 This function is called by:
		_write_date
 This function uses a non-reentrant model


 *************** function ___awmod *****************
 Defined at:
		line 5 in file "C:\Program Files\Microchip\xc8\v2.30\pic\sources\c99\common\awmod.c"
 Parameters:    Size  Location     Type
  divisor         2    0[COMMON] int 
  dividend        2    2[COMMON] int 
 Auto vars:     Size  Location     Type
  sign            1    6[COMMON] unsigned char 
  counter         1    5[COMMON] unsigned char 
 Return value:  Size  Location     Type
                  2    0[COMMON] int 
 Registers used:
		wreg, status,2, status,0
 Tracked objects:
		On entry : 
		On exit  : 
		Unchanged: 
 Data sizes:     COMMON   BANK0   BANK1   BANK2   BANK3   BANK4
      Params:         4       0       0       0       0       0
      Locals:         2       0       0       0       0       0
      Temps:          1       0       0       0       0       0
      Totals:         7       0       0       0       0       0
Total ram usage:        7 bytes
 Hardware stack levels used:    1
 This function calls:
		Nothing
 This function is called by:
		_decimal_2_bcd
 This function uses a non-reentrant model


 *************** function ___awdiv *****************
 Defined at:
		line 5 in file "C:\Program Files\Microchip\xc8\v2.30\pic\sources\c99\common\awdiv.c"
 Parameters:    Size  Location     Type
  divisor         2    0[COMMON] int 
  dividend        2    2[COMMON] int 
 Auto vars:     Size  Location     Type
  quotient        2    7[COMMON] int 
  sign            1    6[COMMON] unsigned char 
  counter         1    5[COMMON] unsigned char 
 Return value:  Size  Location     Type
                  2    0[COMMON] int 
 Registers used:
		wreg, status,2, status,0
 Tracked objects:
		On entry : 
		On exit  : 
		Unchanged: 
 Data sizes:     COMMON   BANK0   BANK1   BANK2   BANK3   BANK4
      Params:         4       0       0       0       0       0
      Locals:         4       0       0       0       0       0
      Temps:          1       0       0       0       0       0
      Totals:         9       0       0       0       0       0
Total ram usage:        9 bytes
 Hardware stack levels used:    1
 This function calls:
		Nothing
 This function is called by:
		_decimal_2_bcd
 This function uses a non-reentrant model


 *************** function _read_date *****************
 Defined at:
		line 77 in file "DS3231.c"
 Parameters:    Size  Location     Type
  date            1    wreg     PTR struct Date
		 -> main@date(6), 
 Auto vars:     Size  Location     Type
  date            1   12[COMMON] PTR struct Date
		 -> main@date(6), 
 Return value:  Size  Location     Type
                  1    wreg      void 
 Registers used:
		wreg, fsr1l, fsr1h, status,2, status,0, pclath, cstack
 Tracked objects:
		On entry : 
		On exit  : 
		Unchanged: 
 Data sizes:     COMMON   BANK0   BANK1   BANK2   BANK3   BANK4
      Params:         0       0       0       0       0       0
      Locals:         1       0       0       0       0       0
      Temps:          1       0       0       0       0       0
      Totals:         2       0       0       0       0       0
Total ram usage:        2 bytes
 Hardware stack levels used:    1
 Hardware stack levels required when called:    3
 This function calls:
		__read
 This function is called by:
		_main
 This function uses a non-reentrant model


 *************** function __read *****************
 Defined at:
		line 58 in file "DS3231.c"
 Parameters:    Size  Location     Type
  address         1    wreg     unsigned char 
 Auto vars:     Size  Location     Type
  address         1    9[COMMON] unsigned char 
  data            1   10[COMMON] unsigned char 
 Return value:  Size  Location     Type
                  1    wreg      unsigned char 
 Registers used:
		wreg, status,2, status,0, pclath, cstack
 Tracked objects:
		On entry : 
		On exit  : 
		Unchanged: 
 Data sizes:     COMMON   BANK0   BANK1   BANK2   BANK3   BANK4
      Params:         0       0       0       0       0       0
      Locals:         2       0       0       0       0       0
      Temps:          1       0       0       0       0       0
      Totals:         3       0       0       0       0       0
Total ram usage:        3 bytes
 Hardware stack levels used:    1
 Hardware stack levels required when called:    2
 This function calls:
		_bcd_2_decimal
		_i2c_read
		_i2c_repeated_start
		_i2c_start
		_i2c_stop
		_i2c_write
 This function is called by:
		_read_date
 This function uses a non-reentrant model


 *************** function _i2c_repeated_start *****************
 Defined at:
		line 20 in file "i2c.c"
 Parameters:    Size  Location     Type
		None
 Auto vars:     Size  Location     Type
		None
 Return value:  Size  Location     Type
                  1    wreg      void 
 Registers used:
		wreg, status,2, status,0, pclath, cstack
 Tracked objects:
		On entry : 
		On exit  : 
		Unchanged: 
 Data sizes:     COMMON   BANK0   BANK1   BANK2   BANK3   BANK4
      Params:         0       0       0       0       0       0
      Locals:         0       0       0       0       0       0
      Temps:          0       0       0       0       0       0
      Totals:         0       0       0       0       0       0
Total ram usage:        0 bytes
 Hardware stack levels used:    1
 Hardware stack levels required when called:    1
 This function calls:
		_i2c_wait
 This function is called by:
		__read
 This function uses a non-reentrant model


 *************** function _i2c_read *****************
 Defined at:
		line 33 in file "i2c.c"
 Parameters:    Size  Location     Type
  ack             1    wreg     unsigned char 
 Auto vars:     Size  Location     Type
  ack             1    1[COMMON] unsigned char 
  data            1    2[COMMON] unsigned char 
 Return value:  Size  Location     Type
                  1    wreg      unsigned char 
 Registers used:
		wreg, status,2, status,0, pclath, cstack
 Tracked objects:
		On entry : 
		On exit  : 
		Unchanged: 
 Data sizes:     COMMON   BANK0   BANK1   BANK2   BANK3   BANK4
      Params:         0       0       0       0       0       0
      Locals:         2       0       0       0       0       0
      Temps:          1       0       0       0       0       0
      Totals:         3       0       0       0       0       0
Total ram usage:        3 bytes
 Hardware stack levels used:    1
 Hardware stack levels required when called:    1
 This function calls:
		_i2c_wait
 This function is called by:
		__read
 This function uses a non-reentrant model


 *************** function _bcd_2_decimal *****************
 Defined at:
		line 18 in file "DS3231.c"
 Parameters:    Size  Location     Type
  number          1    wreg     unsigned char 
 Auto vars:     Size  Location     Type
  number          1    7[COMMON] unsigned char 
 Return value:  Size  Location     Type
                  1    wreg      unsigned char 
 Registers used:
		wreg, status,2, status,0, pclath, cstack
 Tracked objects:
		On entry : 
		On exit  : 
		Unchanged: 
 Data sizes:     COMMON   BANK0   BANK1   BANK2   BANK3   BANK4
      Params:         0       0       0       0       0       0
      Locals:         1       0       0       0       0       0
      Temps:          3       0       0       0       0       0
      Totals:         4       0       0       0       0       0
Total ram usage:        4 bytes
 Hardware stack levels used:    1
 Hardware stack levels required when called:    1
 This function calls:
		___bmul
 This function is called by:
		__read
 This function uses a non-reentrant model


 *************** function ___bmul *****************
 Defined at:
		line 4 in file "C:\Program Files\Microchip\xc8\v2.30\pic\sources\c99\common\Umul8.c"
 Parameters:    Size  Location     Type
  multiplier      1    wreg     unsigned char 
  multiplicand    1    0[COMMON] unsigned char 
 Auto vars:     Size  Location     Type
  multiplier      1    3[COMMON] unsigned char 
  product         1    2[COMMON] unsigned char 
 Return value:  Size  Location     Type
                  1    wreg      unsigned char 
 Registers used:
		wreg, status,2, status,0
 Tracked objects:
		On entry : 
		On exit  : 
		Unchanged: 
 Data sizes:     COMMON   BANK0   BANK1   BANK2   BANK3   BANK4
      Params:         1       0       0       0       0       0
      Locals:         2       0       0       0       0       0
      Temps:          1       0       0       0       0       0
      Totals:         4       0       0       0       0       0
Total ram usage:        4 bytes
 Hardware stack levels used:    1
 This function calls:
		Nothing
 This function is called by:
		_bcd_2_decimal
 This function uses a non-reentrant model


 *************** function _print_train *****************
 Defined at:
		line 77 in file "main.c"
 Parameters:    Size  Location     Type
  next            2   15[BANK1 ] struct train
  next1           2   17[BANK1 ] struct train
 Auto vars:     Size  Location     Type
		None
 Return value:  Size  Location     Type
                  1    wreg      void 
 Registers used:
		wreg, fsr0l, fsr0h, fsr1l, fsr1h, status,2, status,0, pclath, cstack
 Tracked objects:
		On entry : 
		On exit  : 
		Unchanged: 
 Data sizes:     COMMON   BANK0   BANK1   BANK2   BANK3   BANK4
      Params:         0       0       4       0       0       0
      Locals:         0       0       0       0       0       0
      Temps:          0       4       0       0       0       0
      Totals:         0       4       4       0       0       0
Total ram usage:        8 bytes
 Hardware stack levels used:    1
 Hardware stack levels required when called:    8
 This function calls:
		_lcd_clear
		_lcd_print
		_lcd_set_cursor
		_sprintf
 This function is called by:
		_main
 This function uses a non-reentrant model


 *************** function _print_remaing *****************
 Defined at:
		line 89 in file "main.c"
 Parameters:    Size  Location     Type
  date            6   15[BANK1 ] struct Date
  next            2   21[BANK1 ] struct train
 Auto vars:     Size  Location     Type
  next_min        2   25[BANK1 ] unsigned short 
  now_min         2   23[BANK1 ] unsigned short 
 Return value:  Size  Location     Type
                  1    wreg      void 
 Registers used:
		wreg, fsr0l, fsr0h, fsr1l, fsr1h, status,2, status,0, pclath, cstack
 Tracked objects:
		On entry : 
		On exit  : 
		Unchanged: 
 Data sizes:     COMMON   BANK0   BANK1   BANK2   BANK3   BANK4
      Params:         0       0       8       0       0       0
      Locals:         0       0       4       0       0       0
      Temps:          0       4       0       0       0       0
      Totals:         0       4      12       0       0       0
Total ram usage:       16 bytes
 Hardware stack levels used:    1
 Hardware stack levels required when called:    8
 This function calls:
		___wmul
		_lcd_clear
		_lcd_print
		_lcd_set_cursor
		_sprintf
 This function is called by:
		_main
 This function uses a non-reentrant model


 *************** function _print_money *****************
 Defined at:
		line 109 in file "main.c"
 Parameters:    Size  Location     Type
  date            6   15[BANK1 ] struct Date
  money           2   21[BANK1 ] unsigned short 
 Auto vars:     Size  Location     Type
		None
 Return value:  Size  Location     Type
                  1    wreg      void 
 Registers used:
		wreg, fsr0l, fsr0h, fsr1l, fsr1h, status,2, status,0, pclath, cstack
 Tracked objects:
		On entry : 
		On exit  : 
		Unchanged: 
 Data sizes:     COMMON   BANK0   BANK1   BANK2   BANK3   BANK4
      Params:         0       0       8       0       0       0
      Locals:         0       0       0       0       0       0
      Temps:          0       4       0       0       0       0
      Totals:         0       4       8       0       0       0
Total ram usage:       12 bytes
 Hardware stack levels used:    1
 Hardware stack levels required when called:    8
 This function calls:
		_lcd_clear
		_lcd_print
		_lcd_set_cursor
		_sprintf
 This function is called by:
		_main
 This function uses a non-reentrant model


 *************** function _sprintf *****************
 Defined at:
		line 9 in file "C:\Program Files\Microchip\xc8\v2.30\pic\sources\c99\common\nf_sprintf.c"
 Parameters:    Size  Location     Type
  s               1    wreg     PTR unsigned char 
		 -> line(16), 
  fmt             2    0[BANK1 ] PTR const unsigned char 
		 -> STR_6(12), STR_5(16), STR_4(12), STR_3(18), 
		 -> STR_2(18), STR_1(18), 
 Auto vars:     Size  Location     Type
  s               1    9[BANK1 ] PTR unsigned char 
		 -> line(16), 
  f               5   10[BANK1 ] struct _IO_FILE
  ret             2    0        int 
  ap              1    8[BANK1 ] PTR void [1]
		 -> ?_sprintf(2), 
 Return value:  Size  Location     Type
                  2    0[BANK1 ] int 
 Registers used:
		wreg, fsr0l, fsr0h, fsr1l, fsr1h, status,2, status,0, pclath, cstack
 Tracked objects:
		On entry : 
		On exit  : 
		Unchanged: 
 Data sizes:     COMMON   BANK0   BANK1   BANK2   BANK3   BANK4
      Params:         0       0       6       0       0       0
      Locals:         0       0       9       0       0       0
      Temps:          1       0       0       0       0       0
      Totals:         1       0      15       0       0       0
Total ram usage:       16 bytes
 Hardware stack levels used:    1
 Hardware stack levels required when called:    7
 This function calls:
		_vfprintf
 This function is called by:
		_print_train
		_print_remaing
		_print_money
 This function uses a non-reentrant model


 *************** function _vfprintf *****************
 Defined at:
		line 1390 in file "C:\Program Files\Microchip\xc8\v2.30\pic\sources\c99\common\doprnt.c"
 Parameters:    Size  Location     Type
  fp              1    wreg     PTR struct _IO_FILE
		 -> sprintf@f(5), 
  fmt             2   67[BANK0 ] PTR const unsigned char 
		 -> STR_6(12), STR_5(16), STR_4(12), STR_3(18), 
		 -> STR_2(18), STR_1(18), 
  ap              1   69[BANK0 ] PTR PTR void 
		 -> sprintf@ap(1), 
 Auto vars:     Size  Location     Type
  fp              1   72[BANK0 ] PTR struct _IO_FILE
		 -> sprintf@f(5), 
  cfmt            2   73[BANK0 ] PTR unsigned char 
		 -> STR_6(12), STR_5(16), STR_4(12), STR_3(18), 
		 -> STR_2(18), STR_1(18), 
 Return value:  Size  Location     Type
                  2   67[BANK0 ] int 
 Registers used:
		wreg, fsr0l, fsr0h, fsr1l, fsr1h, status,2, status,0, pclath, cstack
 Tracked objects:
		On entry : 
		On exit  : 
		Unchanged: 
 Data sizes:     COMMON   BANK0   BANK1   BANK2   BANK3   BANK4
      Params:         0       3       0       0       0       0
      Locals:         0       3       0       0       0       0
      Temps:          0       2       0       0       0       0
      Totals:         0       8       0       0       0       0
Total ram usage:        8 bytes
 Hardware stack levels used:    1
 Hardware stack levels required when called:    6
 This function calls:
		_vfpfcnvrt
 This function is called by:
		_sprintf
 This function uses a non-reentrant model


 *************** function _vfpfcnvrt *****************
 Defined at:
		line 692 in file "C:\Program Files\Microchip\xc8\v2.30\pic\sources\c99\common\doprnt.c"
 Parameters:    Size  Location     Type
  fp              1    wreg     PTR struct _IO_FILE
		 -> sprintf@f(5), 
  fmt             1   46[BANK0 ] PTR PTR unsigned char 
		 -> vfprintf@cfmt(2), 
  ap              1   47[BANK0 ] PTR PTR void 
		 -> sprintf@ap(1), 
 Auto vars:     Size  Location     Type
  fp              1   66[BANK0 ] PTR struct _IO_FILE
		 -> sprintf@f(5), 
  ll              8   54[BANK0 ] long long 
  llu             8    0        unsigned long long 
  f               4    0        unsigned long long 
  ct              3    0        unsigned char [3]
  done            2   62[BANK0 ] int 
  vp              2    0        PTR void 
  i               2    0        int 
  cp              2    0        PTR unsigned char 
  c               1    0        unsigned char 
 Return value:  Size  Location     Type
                  2   46[BANK0 ] int 
 Registers used:
		wreg, fsr0l, fsr0h, fsr1l, fsr1h, status,2, status,0, pclath, cstack
 Tracked objects:
		On entry : 
		On exit  : 
		Unchanged: 
 Data sizes:     COMMON   BANK0   BANK1   BANK2   BANK3   BANK4
      Params:         0       2       0       0       0       0
      Locals:         0      13       0       0       0       0
      Temps:          0       6       0       0       0       0
      Totals:         0      21       0       0       0       0
Total ram usage:       21 bytes
 Hardware stack levels used:    1
 Hardware stack levels required when called:    5
 This function calls:
		_atoi
		_dtoa
		_fputc
		_isdigit
 This function is called by:
		_vfprintf
 This function uses a non-reentrant model


 *************** function _dtoa *****************
 Defined at:
		line 287 in file "C:\Program Files\Microchip\xc8\v2.30\pic\sources\c99\common\doprnt.c"
 Parameters:    Size  Location     Type
  fp              1    wreg     PTR struct _IO_FILE
		 -> sprintf@f(5), 
  d               8   16[BANK0 ] long long 
 Auto vars:     Size  Location     Type
  fp              1   29[BANK0 ] PTR struct _IO_FILE
		 -> sprintf@f(5), 
  n               8   36[BANK0 ] long long 
  i               2   44[BANK0 ] int 
  s               2   34[BANK0 ] int 
  w               2   32[BANK0 ] int 
  p               2   30[BANK0 ] int 
 Return value:  Size  Location     Type
                  2   16[BANK0 ] int 
 Registers used:
		wreg, fsr0l, fsr0h, fsr1l, fsr1h, status,2, status,0, pclath, cstack
 Tracked objects:
		On entry : 
		On exit  : 
		Unchanged: 
 Data sizes:     COMMON   BANK0   BANK1   BANK2   BANK3   BANK4
      Params:         0       8       0       0       0       0
      Locals:         0      19       0       0       0       0
      Temps:          0       3       0       0       0       0
      Totals:         0      30       0       0       0       0
Total ram usage:       30 bytes
 Hardware stack levels used:    1
 Hardware stack levels required when called:    4
 This function calls:
		___aodiv
		___aomod
		_abs
		_pad
 This function is called by:
		_vfpfcnvrt
 This function uses a non-reentrant model


 *************** function _pad *****************
 Defined at:
		line 72 in file "C:\Program Files\Microchip\xc8\v2.30\pic\sources\c99\common\doprnt.c"
 Parameters:    Size  Location     Type
  fp              1    wreg     PTR struct _IO_FILE
		 -> sprintf@f(5), 
  buf             1    4[BANK0 ] PTR unsigned char 
		 -> dbuf(32), 
  p               2    5[BANK0 ] int 
[...]
      Locals:         3       0       0       0       0       0
      Temps:          2       0       0       0       0       0
      Totals:         6       0       0       0       0       0
Total ram usage:        6 bytes
 Hardware stack levels used:    1
 Hardware stack levels required when called:    3
 This function calls:
		_lcd_cmd
 This function is called by:
		_lcd_set_cursor
		_lcd_print
 This function uses a non-reentrant model


 *************** function _lcd_init *****************
 Defined at:
		line 27 in file "lcd_lib.c"
 Parameters:    Size  Location     Type
		None
 Auto vars:     Size  Location     Type
		None
 Return value:  Size  Location     Type
                  1    wreg      void 
 Registers used:
		wreg, status,2, status,0, pclath, cstack
 Tracked objects:
		On entry : 
		On exit  : 
		Unchanged: 
 Data sizes:     COMMON   BANK0   BANK1   BANK2   BANK3   BANK4
      Params:         0       0       0       0       0       0
      Locals:         0       0       0       0       0       0
      Temps:          2       0       0       0       0       0
      Totals:         2       0       0       0       0       0
Total ram usage:        2 bytes
 Hardware stack levels used:    1
 Hardware stack levels required when called:    3
 This function calls:
		_lcd_cmd
 This function is called by:
		_main
 This function uses a non-reentrant model


 *************** function _lcd_backlight *****************
 Defined at:
		line 113 in file "lcd_lib.c"
 Parameters:    Size  Location     Type
		None
 Auto vars:     Size  Location     Type
		None
 Return value:  Size  Location     Type
                  1    wreg      void 
 Registers used:
		wreg, status,2, status,0, pclath, cstack
 Tracked objects:
		On entry : 
		On exit  : 
		Unchanged: 
 Data sizes:     COMMON   BANK0   BANK1   BANK2   BANK3   BANK4
      Params:         0       0       0       0       0       0
      Locals:         0       0       0       0       0       0
      Temps:          1       0       0       0       0       0
      Totals:         1       0       0       0       0       0
Total ram usage:        1 bytes
 Hardware stack levels used:    1
 Hardware stack levels required when called:    3
 This function calls:
		_lcd_cmd
 This function is called by:
		_main
 This function uses a non-reentrant model


 *************** function _lcd_cmd *****************
 Defined at:
		line 19 in file "lcd_lib.c"
 Parameters:    Size  Location     Type
  cmd             1    wreg     unsigned char 
 Auto vars:     Size  Location     Type
  cmd             1    1[COMMON] unsigned char 
 Return value:  Size  Location     Type
                  1    wreg      void 
 Registers used:
		wreg, status,2, status,0, pclath, cstack
 Tracked objects:
		On entry : 
		On exit  : 
		Unchanged: 
 Data sizes:     COMMON   BANK0   BANK1   BANK2   BANK3   BANK4
      Params:         0       0       0       0       0       0
      Locals:         1       0       0       0       0       0
      Temps:          0       0       0       0       0       0
      Totals:         1       0       0       0       0       0
Total ram usage:        1 bytes
 Hardware stack levels used:    1
 Hardware stack levels required when called:    2
 This function calls:
		_i2c_start
		_i2c_stop
		_i2c_write
 This function is called by:
		_lcd_init
		_lcd_backlight
		_command
 This function uses a non-reentrant model


 *************** function _i2c_write *****************
 Defined at:
		line 26 in file "i2c.c"
 Parameters:    Size  Location     Type
  data            1    wreg     unsigned char 
 Auto vars:     Size  Location     Type
  data            1    0[COMMON] unsigned char 
 Return value:  Size  Location     Type
                  1    wreg      void 
 Registers used:
		wreg, status,2, status,0, pclath, cstack
 Tracked objects:
		On entry : 
		On exit  : 
		Unchanged: 
 Data sizes:     COMMON   BANK0   BANK1   BANK2   BANK3   BANK4
      Params:         0       0       0       0       0       0
      Locals:         1       0       0       0       0       0
      Temps:          0       0       0       0       0       0
      Totals:         1       0       0       0       0       0
Total ram usage:        1 bytes
 Hardware stack levels used:    1
 Hardware stack levels required when called:    1
 This function calls:
		_i2c_wait
 This function is called by:
		_lcd_cmd
		_write_date
		__read
 This function uses a non-reentrant model


 *************** function _i2c_stop *****************
 Defined at:
		line 15 in file "i2c.c"
 Parameters:    Size  Location     Type
		None
 Auto vars:     Size  Location     Type
		None
 Return value:  Size  Location     Type
                  1    wreg      void 
 Registers used:
		None
 Tracked objects:
		On entry : 
		On exit  : 
		Unchanged: 
 Data sizes:     COMMON   BANK0   BANK1   BANK2   BANK3   BANK4
      Params:         0       0       0       0       0       0
      Locals:         0       0       0       0       0       0
      Temps:          0       0       0       0       0       0
      Totals:         0       0       0       0       0       0
Total ram usage:        0 bytes
 Hardware stack levels used:    1
 This function calls:
		Nothing
 This function is called by:
		_lcd_cmd
		_write_date
		__read
 This function uses a non-reentrant model


 *************** function _i2c_start *****************
 Defined at:
		line 9 in file "i2c.c"
 Parameters:    Size  Location     Type
		None
 Auto vars:     Size  Location     Type
		None
 Return value:  Size  Location     Type
                  1    wreg      void 
 Registers used:
		wreg, status,2, status,0, pclath, cstack
 Tracked objects:
		On entry : 
		On exit  : 
		Unchanged: 
 Data sizes:     COMMON   BANK0   BANK1   BANK2   BANK3   BANK4
      Params:         0       0       0       0       0       0
      Locals:         0       0       0       0       0       0
      Temps:          0       0       0       0       0       0
      Totals:         0       0       0       0       0       0
Total ram usage:        0 bytes
 Hardware stack levels used:    1
 Hardware stack levels required when called:    1
 This function calls:
		_i2c_wait
 This function is called by:
		_lcd_cmd
		_write_date
		__read
 This function uses a non-reentrant model


 *************** function _i2c_wait *****************
 Defined at:
		line 5 in file "i2c.c"
 Parameters:    Size  Location     Type
		None
 Auto vars:     Size  Location     Type
		None
 Return value:  Size  Location     Type
                  1    wreg      void 
 Registers used:
		wreg, status,2
 Tracked objects:
		On entry : 
		On exit  : 
		Unchanged: 
 Data sizes:     COMMON   BANK0   BANK1   BANK2   BANK3   BANK4
      Params:         0       0       0       0       0       0
      Locals:         0       0       0       0       0       0
      Temps:          0       0       0       0       0       0
      Totals:         0       0       0       0       0       0
Total ram usage:        0 bytes
 Hardware stack levels used:    1
 This function calls:
		Nothing
 This function is called by:
		_i2c_start
		_i2c_repeated_start
		_i2c_write
		_i2c_read
 This function uses a non-reentrant model


 *************** function _get_next *****************
 Defined at:
		line 13 in file "train_lib.c"
 Parameters:    Size  Location     Type
  next            2    6[COMMON] PTR struct train
		 -> main@next1(2), main@next(2), 
  hour            1    8[COMMON] unsigned char 
  min             1    9[COMMON] unsigned char 
 Auto vars:     Size  Location     Type
  t_min           2   14[BANK0 ] unsigned short 
  i               1   17[BANK0 ] unsigned char 
  now_min         2   12[BANK0 ] unsigned short 
  idx             1   16[BANK0 ] unsigned char 
 Return value:  Size  Location     Type
                  1    wreg      void 
 Registers used:
		wreg, fsr1l, fsr1h, status,2, status,0, pclath, cstack
 Tracked objects:
		On entry : 
		On exit  : 
		Unchanged: 
 Data sizes:     COMMON   BANK0   BANK1   BANK2   BANK3   BANK4
      Params:         4       0       0       0       0       0
      Locals:         0       6       0       0       0       0
      Temps:          0      12       0       0       0       0
      Totals:         4      18       0       0       0       0
Total ram usage:       22 bytes
 Hardware stack levels used:    1
 Hardware stack levels required when called:    1
 This function calls:
		___wmul
 This function is called by:
		_main
 This function uses a non-reentrant model


 *************** function _calc_money *****************
 Defined at:
		line 12 in file "money_lib.c"
 Parameters:    Size  Location     Type
  date            6    6[COMMON] struct Date
 Auto vars:     Size  Location     Type
  min             2    6[BANK0 ] unsigned short 
  hour            2    4[BANK0 ] unsigned short 
 Return value:  Size  Location     Type
                  2    6[COMMON] unsigned short 
 Registers used:
		wreg, status,2, status,0, pclath, cstack
 Tracked objects:
		On entry : 
		On exit  : 
		Unchanged: 
 Data sizes:     COMMON   BANK0   BANK1   BANK2   BANK3   BANK4
      Params:         6       0       0       0       0       0
      Locals:         0       4       0       0       0       0
      Temps:          0       4       0       0       0       0
      Totals:         6       8       0       0       0       0
Total ram usage:       14 bytes
 Hardware stack levels used:    1
 Hardware stack levels required when called:    1
 This function calls:
		___wmul
 This function is called by:
		_main
 This function uses a non-reentrant model


 *************** function ___wmul *****************
 Defined at:
		line 15 in file "C:\Program Files\Microchip\xc8\v2.30\pic\sources\c99\common\Umul16.c"
 Parameters:    Size  Location     Type
  multiplier      2    0[COMMON] unsigned int 
  multiplicand    2    2[COMMON] unsigned int 
 Auto vars:     Size  Location     Type
  product         2    4[COMMON] unsigned int 
 Return value:  Size  Location     Type
                  2    0[COMMON] unsigned int 
 Registers used:
		wreg, status,2, status,0
 Tracked objects:
		On entry : 
		On exit  : 
		Unchanged: 
 Data sizes:     COMMON   BANK0   BANK1   BANK2   BANK3   BANK4
      Params:         4       0       0       0       0       0
      Locals:         2       0       0       0       0       0
      Temps:          0       0       0       0       0       0
      Totals:         6       0       0       0       0       0
Total ram usage:        6 bytes
 Hardware stack levels used:    1
 This function calls:
		Nothing
 This function is called by:
		_print_remaing
		_get_next
		_calc_money
		_atoi
 This function uses a non-reentrant model


 *************** function _SYSTEM_Initialize *****************
 Defined at:
		line 50 in file "mcc_generated_files/mcc.c"
 Parameters:    Size  Location     Type
		None
 Auto vars:     Size  Location     Type
		None
 Return value:  Size  Location     Type
                  1    wreg      void 
 Registers used:
		wreg, status,2, status,0, pclath, cstack
 Tracked objects:
		On entry : 
		On exit  : 
		Unchanged: 
 Data sizes:     COMMON   BANK0   BANK1   BANK2   BANK3   BANK4
      Params:         0       0       0       0       0       0
      Locals:         0       0       0       0       0       0
      Temps:          0       0       0       0       0       0
      Totals:         0       0       0       0       0       0
Total ram usage:        0 bytes
 Hardware stack levels used:    1
 Hardware stack levels required when called:    1
 This function calls:
		_OSCILLATOR_Initialize
		_PIN_MANAGER_Initialize
		_WDT_Initialize
 This function is called by:
		_main
 This function uses a non-reentrant model


 *************** function _WDT_Initialize *****************
 Defined at:
		line 68 in file "mcc_generated_files/mcc.c"
 Parameters:    Size  Location     Type
		None
 Auto vars:     Size  Location     Type
		None
 Return value:  Size  Location     Type
                  1    wreg      void 
 Registers used:
		wreg
 Tracked objects:
		On entry : 
		On exit  : 
		Unchanged: 
 Data sizes:     COMMON   BANK0   BANK1   BANK2   BANK3   BANK4
      Params:         0       0       0       0       0       0
      Locals:         0       0       0       0       0       0
      Temps:          0       0       0       0       0       0
      Totals:         0       0       0       0       0       0
Total ram usage:        0 bytes
 Hardware stack levels used:    1
 This function calls:
		Nothing
 This function is called by:
		_SYSTEM_Initialize
 This function uses a non-reentrant model


 *************** function _PIN_MANAGER_Initialize *****************
 Defined at:
		line 55 in file "mcc_generated_files/pin_manager.c"
 Parameters:    Size  Location     Type
		None
 Auto vars:     Size  Location     Type
		None
 Return value:  Size  Location     Type
                  1    wreg      void 
 Registers used:
		wreg, status,2
 Tracked objects:
		On entry : 
		On exit  : 
		Unchanged: 
 Data sizes:     COMMON   BANK0   BANK1   BANK2   BANK3   BANK4
      Params:         0       0       0       0       0       0
      Locals:         0       0       0       0       0       0
      Temps:          0       0       0       0       0       0
      Totals:         0       0       0       0       0       0
Total ram usage:        0 bytes
 Hardware stack levels used:    1
 This function calls:
		Nothing
 This function is called by:
		_SYSTEM_Initialize
 This function uses a non-reentrant model


 *************** function _OSCILLATOR_Initialize *****************
 Defined at:
		line 58 in file "mcc_generated_files/mcc.c"
 Parameters:    Size  Location     Type
		None
 Auto vars:     Size  Location     Type
		None
 Return value:  Size  Location     Type
                  1    wreg      void 
 Registers used:
		wreg, status,2
 Tracked objects:
		On entry : 
		On exit  : 
		Unchanged: 
 Data sizes:     COMMON   BANK0   BANK1   BANK2   BANK3   BANK4
      Params:         0       0       0       0       0       0
      Locals:         0       0       0       0       0       0
      Temps:          0       0       0       0       0       0
      Totals:         0       0       0       0       0       0
Total ram usage:        0 bytes
 Hardware stack levels used:    1
 This function calls:
		Nothing
 This function is called by:
		_SYSTEM_Initialize
 This function uses a non-reentrant model



MODULE INFORMATION

Module		Function		Class		Link	Load	Size
C:\Program Files\Microchip\xc8\v2.30\pic\sources\c99\common\aomod.c
		___aomod       		CODE           	01E0	0000	234

C:\Program Files\Microchip\xc8\v2.30\pic\sources\c99\common\aomod.c estimated size: 234

C:\Program Files\Microchip\xc8\v2.30\pic\sources\c99\common\abs.c
		_abs           		CODE           	09E4	0000	26

C:\Program Files\Microchip\xc8\v2.30\pic\sources\c99\common\abs.c estimated size: 26

C:\Program Files\Microchip\xc8\v2.30\pic\sources\c99\common\awmod.c
		___awmod       		CODE           	0CAD	0000	83

C:\Program Files\Microchip\xc8\v2.30\pic\sources\c99\common\awmod.c estimated size: 83

C:\Program Files\Microchip\xc8\v2.30\pic\sources\c99\common\doprnt.c
		_vfpfcnvrt     		CODE           	0627	0000	419
		_pad           		CODE           	0D00	0000	89
		_dtoa          		CODE           	04B7	0000	368
		_vfprintf      		CODE           	0B66	0000	49

C:\Program Files\Microchip\xc8\v2.30\pic\sources\c99\common\doprnt.c estimated size: 925

C:\Program Files\Microchip\xc8\v2.30\pic\sources\c99\common\atoi.c
		_atoi          		CODE           	005A	0000	175

C:\Program Files\Microchip\xc8\v2.30\pic\sources\c99\common\atoi.c estimated size: 175

C:\Program Files\Microchip\xc8\v2.30\pic\sources\c99\common\putch.c
		_putch         		CODE           	08EB	0000	1

C:\Program Files\Microchip\xc8\v2.30\pic\sources\c99\common\putch.c estimated size: 1

C:\Program Files\Microchip\xc8\v2.30\pic\sources\c99\common\isdigit.c
		_isdigit       		CODE           	09CC	0000	24

C:\Program Files\Microchip\xc8\v2.30\pic\sources\c99\common\isdigit.c estimated size: 24

C:\Program Files\Microchip\xc8\v2.30\pic\sources\c99\common\nf_fputs.c
		_fputs         		CODE           	0AE5	0000	41

C:\Program Files\Microchip\xc8\v2.30\pic\sources\c99\common\nf_fputs.c estimated size: 41

C:\Program Files\Microchip\xc8\v2.30\pic\sources\c99\common\Umul16.c
		___wmul        		CODE           	0A35	0000	31

C:\Program Files\Microchip\xc8\v2.30\pic\sources\c99\common\Umul16.c estimated size: 31

i2c.c
		_i2c_start     		CODE           	090C	0000	10
		_i2c_write     		CODE           	0952	0000	16
		_i2c_stop      		CODE           	08FB	0000	7
		_i2c_wait      		CODE           	0920	0000	12
		_i2c_read      		CODE           	09B5	0000	23
		_i2c_repeated_start		CODE           	0916	0000	10

i2c.c estimated size: 78

money_lib.c
		_calc_money    		CODE           	0E73	0000	103

money_lib.c estimated size: 103

mcc_generated_files/pin_manager.c
		_PIN_MANAGER_Initialize		CODE           	099F	0000	22

mcc_generated_files/pin_manager.c estimated size: 22

C:\Program Files\Microchip\xc8\v2.30\pic\sources\c99\common\aodiv.c
		___aodiv       		CODE           	03B6	0000	257

C:\Program Files\Microchip\xc8\v2.30\pic\sources\c99\common\aodiv.c estimated size: 257

lcd_lib.c
		_lcd_cmd       		CODE           	0962	0000	20
		_lcd_backlight 		CODE           	0944	0000	14
		_lcd_set_cursor		CODE           	0B0E	0000	42
		_lcd_clear     		CODE           	0ABD	0000	40
		_lcd_print     		CODE           	0A18	0000	29
		_command       		CODE           	0B97	0000	56
		_lcd_init      		CODE           	02CA	0000	236

lcd_lib.c estimated size: 437

C:\Program Files\Microchip\xc8\v2.30\pic\sources\c99\common\awdiv.c
		___awdiv       		CODE           	0DB4	0000	95

C:\Program Files\Microchip\xc8\v2.30\pic\sources\c99\common\awdiv.c estimated size: 95

train_lib.c
		_get_next      		CODE           	0F61	0000	159

train_lib.c estimated size: 159

C:\Program Files\Microchip\xc8\v2.30\pic\sources\c99\common\Umul8.c
		___bmul        		CODE           	098A	0000	21

C:\Program Files\Microchip\xc8\v2.30\pic\sources\c99\common\Umul8.c estimated size: 21

shared
		__initialization		CODE           	07CA	0000	51
		_MIN_4_MONEY   		STRCODE        	0000	0000	0
		_REGULAR_HOUR  		STRCODE        	0000	0000	0
		_HOUR_4_MONEY  		STRCODE        	0000	0000	0

shared estimated size: 51

C:\Program Files\Microchip\xc8\v2.30\pic\sources\c99\common\nf_fputc.c
		_fputc         		CODE           	0C5E	0000	79

C:\Program Files\Microchip\xc8\v2.30\pic\sources\c99\common\nf_fputc.c estimated size: 79

mcc_generated_files/mcc.c
		_WDT_Initialize		CODE           	08EC	0000	4
		_OSCILLATOR_Initialize		CODE           	08F4	0000	7
		_SYSTEM_Initialize		CODE           	0902	0000	10

mcc_generated_files/mcc.c estimated size: 21

C:\Program Files\Microchip\xc8\v2.30\pic\sources\c99\common\strlen.c
		_strlen        		CODE           	09FE	0000	26

C:\Program Files\Microchip\xc8\v2.30\pic\sources\c99\common\strlen.c estimated size: 26

DS3231.c
		_decimal_2_bcd 		CODE           	0B38	0000	46
		_write_date    		CODE           	0E13	0000	96
		__read         		CODE           	0A75	0000	34
		_read_date     		CODE           	0BCF	0000	70
		_bcd_2_decimal 		CODE           	0976	0000	20

DS3231.c estimated size: 266

C:\Program Files\Microchip\xc8\v2.30\pic\sources\c99\common\nf_sprintf.c
		_sprintf       		CODE           	0A97	0000	38

C:\Program Files\Microchip\xc8\v2.30\pic\sources\c99\common\nf_sprintf.c estimated size: 38

C:\Program Files\Microchip\xc8\v2.30\pic\sources\c99\common\isspace.c
		_isspace       		CODE           	0A54	0000	33

C:\Program Files\Microchip\xc8\v2.30\pic\sources\c99\common\isspace.c estimated size: 33

main.c
		_print_train   		CODE           	0D59	0000	91
		_main          		CODE           	0109	0000	215
		_print_money   		CODE           	0C15	0000	73
		_print_remaing 		CODE           	0EDA	0000	135

main.c estimated size: 514

